2026-10-04 22:38:35 | [INFO   ] | Логгер успешно сконфигурирован
2026-10-04 22:38:35 | [INFO   ] | Приложение запущено
2026-10-04 22:38:43 | [INFO   ] | Запрос: A=6, B=7, C=9
2026-10-04 22:38:43 | [DEBUG  ] | Координаты рассчитаны: [(0, 0), (66, 0), (3, 77)]
2026-10-04 22:38:43 | [INFO   ] | Результат: тип='разносторонний', координаты=[(0, 0), (66, 0), (3, 77)]
2026-10-05 09:23:37 | [INFO   ] | Логгер успешно сконфигурирован
2026-10-05 09:23:37 | [INFO   ] | Приложение запущено
2026-10-05 09:23:43 | [INFO   ] | Запрос: A=7, B=7, C=7
2026-10-05 09:23:43 | [DEBUG  ] | Координаты рассчитаны: [(0, 0), (100, 0), (49, 86)]
2026-10-05 09:23:43 | [INFO   ] | Результат: тип='равносторонний', координаты=[(0, 0), (100, 0), (49, 86)]
2026-10-05 09:24:42 | [INFO   ] | Логгер успешно сконфигурирован
2026-10-05 09:24:42 | [INFO   ] | Приложение запущено
2026-10-05 09:24:45 | [INFO   ] | Запрос: A=7, B=7, C=7
2026-10-05 09:24:45 | [DEBUG  ] | Координаты рассчитаны: [(0, 0), (100, 0), (49, 86)]
2026-10-05 09:24:45 | [INFO   ] | Результат: тип='равносторонний', координаты=[(0, 0), (100, 0), (49, 86)]
2026-10-05 09:24:50 | [INFO   ] | Запрос: A=0, B=1, C=2
2026-10-05 09:24:50 | [WARNING] | Стороны должны быть положительными
2026-10-05 09:24:50 | [INFO   ] | Результат: тип='не треугольник', координаты=[(-1, -1), (-1, -1), (-1, -1)]
2026-10-05 09:24:55 | [INFO   ] | Запрос: A=2, B=2, C=3
2026-10-05 09:24:55 | [DEBUG  ] | Координаты рассчитаны: [(0, 0), (66, 0), (-8, 66)]
2026-10-05 09:24:55 | [INFO   ] | Результат: тип='равнобедренный', координаты=[(0, 0), (66, 0), (-8, 66)]
2026-10-05 09:24:59 | [INFO   ] | Запрос: A=4, B=5, C=10
2026-10-05 09:24:59 | [WARNING] | Условие треугольника не выполнено
2026-10-05 09:24:59 | [INFO   ] | Результат: тип='не треугольник', координаты=[(-1, -1), (-1, -1), (-1, -1)]
2026-10-05 09:25:02 | [INFO   ] | Запрос: A=a, B=s, C=d
2026-10-05 09:25:02 | [WARNING] | Нечисловые входные данные
2026-10-05 09:25:02 | [INFO   ] | Результат: тип='', координаты=[(-2, -2), (-2, -2), (-2, -2)]
2026-10-05 09:26:14 | [INFO   ] | Запрос: A=0.1, B=0.2, C=0.3
2026-10-05 09:26:14 | [DEBUG  ] | Координаты рассчитаны: [(0, 0), (33, 0), (-66, 0)]
2026-10-05 09:26:14 | [INFO   ] | Результат: тип='разносторонний', координаты=[(0, 0), (33, 0), (-66, 0)]
2026-10-05 09:27:21 | [INFO   ] | Логгер успешно сконфигурирован
2026-10-05 09:27:21 | [INFO   ] | Приложение запущено
2026-10-05 09:27:36 | [INFO   ] | Запрос: A=1, B=2, C=3
2026-10-05 09:27:36 | [WARNING] | Условие треугольника не выполнено
2026-10-05 09:27:36 | [INFO   ] | Результат: тип='не треугольник', координаты=[(-1, -1), (-1, -1), (-1, -1)]
2026-10-05 09:34:10 | [INFO   ] | Логгер успешно сконфигурирован
2026-10-05 09:34:10 | [INFO   ] | Приложение запущено
2026-10-05 09:34:18 | [INFO   ] | Запрос: A=0.1, B=0.2, C=0.3
2026-10-05 09:34:18 | [DEBUG  ] | Координаты рассчитаны: [(0, 0), (33, 0), (-66, 0)]
2026-10-05 09:34:18 | [INFO   ] | Результат: тип='разносторонний', координаты=[(0, 0), (33, 0), (-66, 0)]
2026-10-05 09:34:26 | [INFO   ] | Запрос: A=1, B=2, C=3
2026-10-05 09:34:26 | [DEBUG  ] | Координаты рассчитаны: [(0, 0), (33, 0), (-66, 0)]
2026-10-05 09:34:26 | [INFO   ] | Результат: тип='разносторонний', координаты=[(0, 0), (33, 0), (-66, 0)]
2026-10-05 09:36:30 | [INFO   ] | Логгер успешно сконфигурирован
2026-10-05 09:36:30 | [INFO   ] | Приложение запущено
2026-10-05 09:36:36 | [INFO   ] | Запрос: A=0.1, B=0.2, C=0.3
2026-10-05 09:36:36 | [WARNING] | Условие треугольника не выполнено
2026-10-05 09:36:36 | [INFO   ] | Результат: тип='не треугольник', координаты=[(-1, -1), (-1, -1), (-1, -1)]
2026-10-05 09:36:40 | [INFO   ] | Запрос: A=1, B=2, C=3
2026-10-05 09:36:40 | [WARNING] | Условие треугольника не выполнено
2026-10-05 09:36:40 | [INFO   ] | Результат: тип='не треугольник', координаты=[(-1, -1), (-1, -1), (-1, -1)]
